sley binary: /home/heddleco/dev/HeddleCo/.heddleco-orchestrator/target/freshcheck/release/sley

Running upstream scripts against sley...

SCRIPT                       RESULT      OK  FAIL  DETAIL
-------------------------------------------------------------------------
t1000-read-tree-m-3way.sh    FAIL        62    21  rc=1 (1..83) #	|# failed 21 among 83 test(s)|1..83
t1001-read-tree-m-2way.sh    FAIL         4    25  rc=1 (1..29) #	|# failed 25 among 29 test(s)|1..29
t1002-read-tree-m-u-2way.sh  FAIL         1    21  rc=1 (1..22) #	|# failed 21 among 22 test(s)|1..22
t1004-read-tree-m-u-wf.sh    FAIL         9     8  rc=1 (1..17) #	|# failed 8 among 17 test(s)|1..17
t1005-read-tree-reset.sh     FAIL         0     7  rc=1 (1..7) #	|# failed 7 among 7 test(s)|1..7
t1008-read-tree-overlay.sh   FAIL         1     1  rc=1 (1..2) #	|# failed 1 among 2 test(s)|1..2
t1012-read-tree-df.sh        FAIL         1     4  rc=1 (1..5) #	|# failed 4 among 5 test(s)|1..5
t2000-conflict-when-checking-files-out.sh FAIL        10     4  rc=1 (1..14) #	|# failed 4 among 14 test(s)|1..14
t2003-checkout-cache-mkdir.sh FAIL         7     3  rc=1 (1..10) ok 10 - apply CRLF filter from working tree .gitattributes with --prefix|# failed 3 among 10 test(s)|1..10
t2006-checkout-index-basic.sh FAIL         7     2  rc=1 (1..9) #	|# failed 2 among 9 test(s)|1..9
t2007-checkout-symlink.sh    FAIL         2     2  rc=1 (1..4) ok 4 - switch from dir to symlink|# failed 2 among 4 test(s)|1..4
t2008-checkout-subdir.sh     FAIL         6     3  rc=1 (1..9) ok 9 - incorrect relative path should fail (3)|# failed 3 among 9 test(s)|1..9
t7104-reset-hard.sh          FAIL         1     2  rc=1 (1..3) #	|# failed 2 among 3 test(s)|1..3
t7113-post-index-change-hook.sh FAIL         1     3  rc=1 (1..4) #	|# failed 3 among 4 test(s)|1..4
t6400-merge-df.sh            FAIL         4     3  rc=1 (1..7) ok 7 - Simple merge in repo with interesting pathnames|# failed 3 among 7 test(s)|1..7
t6408-merge-up-to-date.sh    FAIL         4     3  rc=1 (1..7) ok 7 - merge fast-forward octopus|# failed 3 among 7 test(s)|1..7
t6424-merge-unrelated-index-changes.sh FAIL         7    12  rc=1 (1..19) #	|# failed 12 among 19 test(s)|1..19

PER-COMMAND PASS RATE (assertions):
COMMAND        RESULT           OK   FAIL  TOTAL  PASS%
t1000-read-tree-m-3way.sh FAIL             62     21     83  74%
t1001-read-tree-m-2way.sh FAIL              4     25     29  13%
t1002-read-tree-m-u-2way.sh FAIL              1     21     22  4%
t1004-read-tree-m-u-wf.sh FAIL              9      8     17  52%
t1005-read-tree-reset.sh FAIL              0      7      7  0%
t1008-read-tree-overlay.sh FAIL              1      1      2  50%
t1012-read-tree-df.sh FAIL              1      4      5  20%
t2000-conflict-when-checking-files-out.sh FAIL             10      4     14  71%
t2003-checkout-cache-mkdir.sh FAIL              7      3     10  70%
t2006-checkout-index-basic.sh FAIL              7      2      9  77%
t2007-checkout-symlink.sh FAIL              2      2      4  50%
t2008-checkout-subdir.sh FAIL              6      3      9  66%
t7104-reset-hard.sh FAIL              1      2      3  33%
t7113-post-index-change-hook.sh FAIL              1      3      4  25%
t6400-merge-df.sh FAIL              4      3      7  57%
t6408-merge-up-to-date.sh FAIL              4      3      7  57%
t6424-merge-unrelated-index-changes.sh FAIL              7     12     19  36%

SUMMARY: 17 script(s): 0 passed, 17 failed, 0 timed out.

Full report written to: /home/heddleco/dev/HeddleCo/workspace/sley-unpack-trees/crates/sley-testkit/upstream-report.txt
Machine-readable summary: /home/heddleco/dev/HeddleCo/workspace/sley-unpack-trees/crates/sley-testkit/upstream-report-summary.csv
Pass-rate history (appended): /home/heddleco/dev/HeddleCo/workspace/sley-unpack-trees/crates/sley-testkit/upstream-history.csv
