ok 1 - setup
ok 2 - test option parsing
not ok 3 - merge -h with invalid index
#	
#		mkdir broken &&
#		(
#			cd broken &&
#			git init &&
#			>.git/index &&
#			test_expect_code 129 git merge -h >usage
#		) &&
#		test_grep "[Uu]sage: git merge" broken/usage
#	
ok 4 - reject non-strategy with a git-merge-foo name
ok 5 - merge c0 with c1
not ok 6 - merge c0 with c1 with --ff-only
#	
#		git reset --hard c0 &&
#		git merge --ff-only c1 &&
#		git merge --ff-only HEAD c0 c1 &&
#		verify_merge file result.1 &&
#		verify_head "$c1"
#	
ok 7 - the same merge with merge.stat=diffstat
ok 8 - the same merge with compact summary
ok 9 - the same merge with compact summary
ok 10 - the same merge with merge.stat=compact
not ok 11 - merge from unborn branch
#	
#		git checkout -f main &&
#		test_might_fail git branch -D kid &&
#	
#		echo "OBJID HEAD@{0}: initial pull" >reflog.expected &&
#	
#		git checkout --orphan kid &&
#		test_when_finished "git checkout -f main" &&
#		git rm -fr . &&
#		test_tick &&
#		git merge --ff-only c1 &&
#		verify_merge file result.1 &&
#		verify_head "$c1" &&
#	
#		git reflog -1 >reflog.actual &&
#		sed "s/$_x05[0-9a-f][0-9a-f]/OBJID/g" reflog.actual >reflog.fuzzy &&
#		test_cmp reflog.expected reflog.fuzzy
#	
ok 12 - merge c1 with c2
not ok 13 - merge c1 with c2 when index.lock exists
#	
#		test_when_finished rm .git/index.lock &&
#		git reset --hard c1 &&
#		>.git/index.lock &&
#		test_must_fail git merge c2 &&
#		test_path_is_missing .git/MERGE_HEAD &&
#		test_path_is_missing .git/MERGE_MODE &&
#		test_path_is_missing .git/MERGE_MSG
#	
not ok 14 - merge --squash c3 with c7
#	
#		git reset --hard c3 &&
#		test_must_fail git merge --squash c7 &&
#		cat result.9z >file &&
#		git commit --no-edit -a &&
#	
#		cat >expect <<-EOF &&
#		Squashed commit of the following:
#	
#		$(git show -s c7)
#	
#		# Conflicts:
#		#	file
#		EOF
#		git cat-file commit HEAD >raw &&
#		sed -e "1,/^$/d" raw >actual &&
#		test_cmp expect actual
#	
not ok 15 - merge --squash --autostash conflict does not attempt to apply autostash
#	
#		git reset --hard c3 &&
#		>unrelated &&
#		git add unrelated &&
#		test_must_fail git merge --squash c7 --autostash >out 2>err &&
#		! grep "Applying autostash resulted in conflicts." err &&
#		grep "When finished, apply stashed changes with \`git stash pop\`" out
#	
not ok 16 - merge c3 with c7 with commit.cleanup = scissors
#	
#		git config commit.cleanup scissors &&
#		git reset --hard c3 &&
#		test_must_fail git merge c7 &&
#		cat result.9z >file &&
#		git commit --no-edit -a &&
#	
#		cat >expect <<-\EOF &&
#		Merge tag 'c7'
#	
#		# ------------------------ >8 ------------------------
#		# Do not modify or remove the line above.
#		# Everything below it will be ignored.
#		#
#		# Conflicts:
#		#	file
#		EOF
#		git cat-file commit HEAD >raw &&
#		sed -e "1,/^$/d" raw >actual &&
#		test_cmp expect actual
#	
not ok 17 - merge c3 with c7 with --squash commit.cleanup = scissors
#	
#		git config commit.cleanup scissors &&
#		git reset --hard c3 &&
#		test_must_fail git merge --squash c7 &&
#		cat result.9z >file &&
#		git commit --no-edit -a &&
#	
#		cat >expect <<-EOF &&
#		Squashed commit of the following:
#	
#		$(git show -s c7)
#	
#		# ------------------------ >8 ------------------------
#		# Do not modify or remove the line above.
#		# Everything below it will be ignored.
#		#
#		# Conflicts:
#		#	file
#		EOF
#		git cat-file commit HEAD >raw &&
#		sed -e "1,/^$/d" raw >actual &&
#		test_cmp expect actual
#	
not ok 18 - merge c1 with c2 and c3
#	
#		git reset --hard c1 &&
#		test_tick &&
#		git merge c2 c3 &&
#		verify_merge file result.1-5-9 msg.1-5-9 &&
#		verify_parents $c1 $c2 $c3
#	
ok 19 - merges with --ff-only
not ok 20 - merges with merge.ff=only
#	
#		git reset --hard c1 &&
#		test_tick &&
#		test_config merge.ff "only" &&
#		test_must_fail git merge c2 &&
#		test_must_fail git merge c3 &&
#		test_must_fail git merge c2 c3 &&
#		git reset --hard c0 &&
#		git merge c3 &&
#		verify_head $c3
#	
ok 21 - merge c0 with c1 (no-commit)
ok 22 - merge c1 with c2 (no-commit)
not ok 23 - merge c1 with c2 and c3 (no-commit)
#	
#		git reset --hard c1 &&
#		git merge --no-commit c2 c3 &&
#		verify_merge file result.1-5-9 &&
#		verify_head $c1 &&
#		verify_mergeheads $c2 $c3
#	
ok 24 - merge c0 with c1 (squash)
ok 25 - merge c0 with c1 (squash, ff-only)
ok 26 - merge c1 with c2 (squash)
ok 27 - unsuccessful merge of c1 with c2 (squash, ff-only)
not ok 28 - merge c1 with c2 and c3 (squash)
#	
#		git reset --hard c1 &&
#		git merge --squash c2 c3 &&
#		verify_merge file result.1-5-9 &&
#		verify_head $c1 &&
#		verify_no_mergehead &&
#		test_cmp squash.1-5-9 .git/SQUASH_MSG
#	
not ok 29 - merge c1 with c2 (no-commit in config)
#	
#		git reset --hard c1 &&
#		test_config branch.main.mergeoptions "--no-commit" &&
#		git merge c2 &&
#		verify_merge file result.1-5 &&
#		verify_head $c1 &&
#		verify_mergeheads $c2
#	
not ok 30 - merge c1 with c2 (log in config)
#	
#		git reset --hard c1 &&
#		git merge --log c2 &&
#		git show -s --pretty=tformat:%s%n%b >expect &&
#	
#		test_config branch.main.mergeoptions "--log" &&
#		git reset --hard c1 &&
#		git merge c2 &&
#		git show -s --pretty=tformat:%s%n%b >actual &&
#	
#		test_cmp expect actual
#	
not ok 31 - merge c1 with c2 (log in config gets overridden)
#	
#		git reset --hard c1 &&
#		git merge c2 &&
#		git show -s --pretty=tformat:%s%n%b >expect &&
#	
#		test_config branch.main.mergeoptions "--no-log" &&
#		test_config merge.log "true" &&
#		git reset --hard c1 &&
#		git merge c2 &&
#		git show -s --pretty=tformat:%s%n%b >actual &&
#	
#		test_cmp expect actual
#	
not ok 32 - merge c1 with c2 (squash in config)
#	
#		git reset --hard c1 &&
#		test_config branch.main.mergeoptions "--squash" &&
#		git merge c2 &&
#		verify_merge file result.1-5 &&
#		verify_head $c1 &&
#		verify_no_mergehead &&
#		test_cmp squash.1-5 .git/SQUASH_MSG
#	
ok 33 - override config option -n with --summary
ok 34 - override config option -n with --stat
ok 35 - override config option --stat
not ok 36 - merge c1 with c2 (override --no-commit)
#	
#		git reset --hard c1 &&
#		test_config branch.main.mergeoptions "--no-commit" &&
#		test_tick &&
#		git merge --commit c2 &&
#		verify_merge file result.1-5 msg.1-5 &&
#		verify_parents $c1 $c2
#	
ok 37 - merge c1 with c2 (override --squash)
ok 38 - merge c0 with c1 (no-ff)
not ok 39 - merge c0 with c1 (merge.ff=false)
#	
#		git reset --hard c0 &&
#		test_config merge.ff "false" &&
#		test_tick &&
#		git merge c1 &&
#		verify_merge file result.1 &&
#		verify_parents $c0 $c1
#	
ok 40 - combine branch.main.mergeoptions with merge.ff
ok 41 - tolerate unknown values for merge.ff
not ok 42 - combining --squash and --no-ff is refused
#	
#		git reset --hard c0 &&
#		test_must_fail git merge --squash --no-ff c1 &&
#		test_must_fail git merge --no-ff --squash c1
#	
ok 43 - combining --squash and --commit is refused
ok 44 - option --ff-only overwrites --no-ff
ok 45 - option --no-ff overrides merge.ff=only config
not ok 46 - merge c0 with c1 (ff overrides no-ff)
#	
#		git reset --hard c0 &&
#		test_config branch.main.mergeoptions "--no-ff" &&
#		git merge --ff c1 &&
#		verify_merge file result.1 &&
#		verify_head $c1
#	
not ok 47 - merge log message
#	
#		git reset --hard c0 &&
#		git merge --no-log c2 &&
#		git show -s --pretty=format:%b HEAD >msg.act &&
#		test_must_be_empty msg.act &&
#	
#		git reset --hard c0 &&
#		test_config branch.main.mergeoptions "--no-ff" &&
#		git merge --no-log c2 &&
#		git show -s --pretty=format:%b HEAD >msg.act &&
#		test_must_be_empty msg.act &&
#	
#		git merge --log c3 &&
#		git show -s --pretty=format:%b HEAD >msg.act &&
#		test_cmp msg.log msg.act &&
#	
#		git reset --hard HEAD^ &&
#		test_config merge.log "yes" &&
#		git merge c3 &&
#		git show -s --pretty=format:%b HEAD >msg.act &&
#		test_cmp msg.log msg.act
#	
ok 48 - merge c1 with c0, c2, c0, and c1
ok 49 - merge c1 with c0, c2, c0, and c1
ok 50 - merge c1 with c1 and c2
ok 51 - merge fast-forward in a dirty tree
not ok 52 - in-index merge
#	
#		git reset --hard c0 &&
#		git merge --no-ff -s resolve c1 >out &&
#		test_grep "Wonderful." out &&
#		verify_parents $c0 $c1
#	
ok 53 - refresh the index before merging
not ok 54 - merge with --autostash
#	
#		git reset --hard c1 &&
#		git merge-file file file.orig file.9 &&
#		git merge --autostash c2 2>err &&
#		test_grep "Applied autostash." err &&
#		git show HEAD:file >merge-result &&
#		test_cmp result.1-5 merge-result &&
#		test_cmp result.1-5-9 file
#	
not ok 55 - merge with merge.autoStash
#	
#		test_config merge.autoStash true &&
#		git reset --hard c1 &&
#		git merge-file file file.orig file.9 &&
#		git merge c2 2>err &&
#		test_grep "Applied autostash." err &&
#		git show HEAD:file >merge-result &&
#		test_cmp result.1-5 merge-result &&
#		test_cmp result.1-5-9 file
#	
not ok 56 - fast-forward merge with --autostash
#	
#		git reset --hard c0 &&
#		git merge-file file file.orig file.5 &&
#		git merge --autostash c1 2>err &&
#		test_grep "Applied autostash." err &&
#		test_cmp result.1-5 file
#	
not ok 57 - failed fast-forward merge with --autostash
#	
#		git reset --hard c0 &&
#		git merge-file file file.orig file.5 &&
#		cp file.5 other &&
#		test_when_finished "rm other" &&
#		test_must_fail git merge --autostash c1 2>err &&
#		test_grep "Applied autostash." err &&
#		test_cmp file.5 file
#	
not ok 58 - octopus merge with --autostash
#	
#		git reset --hard c1 &&
#		git merge-file file file.orig file.3 &&
#		git merge --autostash c2 c3 2>err &&
#		test_grep "Applied autostash." err &&
#		git show HEAD:file >merge-result &&
#		test_cmp result.1-5-9 merge-result &&
#		test_cmp result.1-3-5-9 file
#	
not ok 59 - failed merge (exit 2) with --autostash
#	
#		git reset --hard c1 &&
#		git merge-file file file.orig file.5 &&
#		test_must_fail git merge -s recursive --autostash c2 c3 2>err &&
#		test_grep "Applied autostash." err &&
#		test_cmp result.1-5 file
#	
not ok 60 - conflicted merge with --autostash, --abort restores stash
#	
#		git reset --hard c3 &&
#		cp file.1 file &&
#		test_must_fail git merge --autostash c7 &&
#		git merge --abort 2>err &&
#		test_grep "Applied autostash." err &&
#		test_cmp file.1 file
#	
not ok 61 - completed merge (git commit) with --no-commit and --autostash
#	
#		git reset --hard c1 &&
#		git merge-file file file.orig file.9 &&
#		git diff >expect &&
#		git merge --no-commit --autostash c2 &&
#		git stash show -p MERGE_AUTOSTASH >actual &&
#		test_cmp expect actual &&
#		git commit 2>err &&
#		test_grep "Applied autostash." err &&
#		git show HEAD:file >merge-result &&
#		test_cmp result.1-5 merge-result &&
#		test_cmp result.1-5-9 file
#	
not ok 62 - completed merge (git merge --continue) with --no-commit and --autostash
#	
#		git reset --hard c1 &&
#		git merge-file file file.orig file.9 &&
#		git diff >expect &&
#		git merge --no-commit --autostash c2 &&
#		git stash show -p MERGE_AUTOSTASH >actual &&
#		test_cmp expect actual &&
#		git merge --continue 2>err &&
#		test_grep "Applied autostash." err &&
#		git show HEAD:file >merge-result &&
#		test_cmp result.1-5 merge-result &&
#		test_cmp result.1-5-9 file
#	
not ok 63 - aborted merge (merge --abort) with --no-commit and --autostash
#	
#		git reset --hard c1 &&
#		git merge-file file file.orig file.9 &&
#		git diff >expect &&
#		git merge --no-commit --autostash c2 &&
#		git stash show -p MERGE_AUTOSTASH >actual &&
#		test_cmp expect actual &&
#		git merge --abort 2>err &&
#		test_grep "Applied autostash." err &&
#		git diff >actual &&
#		test_cmp expect actual
#	
not ok 64 - aborted merge (reset --hard) with --no-commit and --autostash
#	
#		git reset --hard c1 &&
#		git merge-file file file.orig file.9 &&
#		git diff >expect &&
#		git merge --no-commit --autostash c2 &&
#		git stash show -p MERGE_AUTOSTASH >actual &&
#		test_cmp expect actual &&
#		git reset --hard 2>err &&
#		test_grep "Autostash exists; creating a new stash entry." err &&
#		git diff --exit-code
#	
not ok 65 - quit merge with --no-commit and --autostash
#	
#		git reset --hard c1 &&
#		git merge-file file file.orig file.9 &&
#		git diff >expect &&
#		git merge --no-commit --autostash c2 &&
#		git stash show -p MERGE_AUTOSTASH >actual &&
#		test_cmp expect actual &&
#		git diff HEAD >expect &&
#		git merge --quit 2>err &&
#		test_grep "Autostash exists; creating a new stash entry." err &&
#		git diff HEAD >actual &&
#		test_cmp expect actual
#	
not ok 66 - merge with conflicted --autostash changes
#	
#		git reset --hard c1 &&
#		git merge-file file file.orig file.9y &&
#		git diff >expect &&
#		test_when_finished "test_might_fail git stash drop" &&
#		git merge --autostash c3 2>err &&
#		test_grep "Applying autostash resulted in conflicts." err &&
#		git show HEAD:file >merge-result &&
#		test_cmp result.1-9 merge-result &&
#		git stash show -p >actual &&
#		test_cmp expect actual
#	
not ok 67 - merge early part of c2
#	
#		git reset --hard c3 &&
#		echo c4 >c4.c &&
#		git add c4.c &&
#		git commit -m c4 &&
#		git tag c4 &&
#		echo c5 >c5.c &&
#		git add c5.c &&
#		git commit -m c5 &&
#		git tag c5 &&
#		git reset --hard c3 &&
#		echo c6 >c6.c &&
#		git add c6.c &&
#		git commit -m c6 &&
#		git tag c6 &&
#		git branch -f c5-branch c5 &&
#		git merge c5-branch~1 &&
#		git show -s --pretty=tformat:%s HEAD >actual.branch &&
#		git reset --keep HEAD^ &&
#		git merge c5~1 &&
#		git show -s --pretty=tformat:%s HEAD >actual.tag &&
#		test_cmp expected.branch actual.branch &&
#		test_cmp expected.tag actual.tag
#	
ok 68 - merge --no-ff --no-commit && commit
ok 69 - amending no-ff merge commit
not ok 70 - merge --no-ff --edit
#	
#		git reset --hard c0 &&
#		EDITOR=./editor git merge --no-ff --edit c1 &&
#		verify_parents $c0 $c1 &&
#		git cat-file commit HEAD >raw &&
#		grep "work done on the side branch" raw &&
#		sed "1,/^$/d" >actual raw &&
#		test_cmp expected actual
#	
not ok 71 - merge annotated/signed tag w/o tracking
#	
#		test_when_finished "rm -rf dst; git tag -d anno1" &&
#		git tag -a -m "anno c1" anno1 c1 &&
#		git init dst &&
#		git rev-parse c1 >dst/expect &&
#		(
#			# c0 fast-forwards to c1 but because this repository
#			# is not a "downstream" whose refs/tags follows along
#			# tag from the "upstream", this pull defaults to --no-ff
#			cd dst &&
#			git pull .. c0 &&
#			git pull .. anno1 &&
#			git rev-parse HEAD^2 >actual &&
#			test_cmp expect actual
#		)
#	
not ok 72 - merge annotated/signed tag w/ tracking
#	
#		test_when_finished "rm -rf dst; git tag -d anno1" &&
#		git tag -a -m "anno c1" anno1 c1 &&
#		git init dst &&
#		git rev-parse c1 >dst/expect &&
#		(
#			# c0 fast-forwards to c1 and because this repository
#			# is a "downstream" whose refs/tags follows along
#			# tag from the "upstream", this pull defaults to --ff
#			cd dst &&
#			git remote add origin .. &&
#			git pull origin c0 &&
#			git fetch origin &&
#			git merge anno1 &&
#			git rev-parse HEAD >actual &&
#			test_cmp expect actual
#		)
#	
not ok 73 - merge --ff-only tag
#	
#		git reset --hard c0 &&
#		git commit --allow-empty -m "A newer commit" &&
#		git tag -s -m "A newer commit" signed &&
#		git reset --hard c0 &&
#	
#		git merge --ff-only signed &&
#		git rev-parse signed^0 >expect &&
#		git rev-parse HEAD >actual &&
#		test_cmp expect actual
#	
not ok 74 - merge --no-edit tag should skip editor
#	
#		git reset --hard c0 &&
#		git commit --allow-empty -m "A newer commit" &&
#		git tag -f -s -m "A newer commit" signed &&
#		git reset --hard c0 &&
#	
#		EDITOR=false git merge --no-edit --no-ff signed &&
#		git rev-parse signed^0 >expect &&
#		git rev-parse HEAD^2 >actual &&
#		test_cmp expect actual
#	
ok 75 - set up mod-256 conflict scenario
ok 76 - merge detects mod-256 conflicts (recursive)
ok 77 - merge detects mod-256 conflicts (resolve)
ok 78 - merge nothing into void
ok 79 - merge can be completed with --continue
not ok 80 - killed merge can be completed with --continue
#	
#		git reset --hard c0 &&
#		! "$SHELL_PATH" -c '
#		  echo kill -TERM $$ >>.git/FAKE_EDITOR
#		  GIT_EDITOR=.git/FAKE_EDITOR
#		  export GIT_EDITOR
#		  exec git merge --no-ff --edit c1' &&
#		git merge --continue &&
#		verify_parents $c0 $c1
#	
not ok 81 - merge --quit
#	
#		git init merge-quit &&
#		(
#			cd merge-quit &&
#			test_commit base &&
#			echo one >>base.t &&
#			git commit -am one &&
#			git branch one &&
#			git checkout base &&
#			echo two >>base.t &&
#			git commit -am two &&
#			test_must_fail git -c rerere.enabled=true merge one &&
#			test_path_is_file .git/MERGE_HEAD &&
#			test_path_is_file .git/MERGE_MODE &&
#			test_path_is_file .git/MERGE_MSG &&
#			git rerere status >rerere.before &&
#			git merge --quit &&
#			test_path_is_missing .git/MERGE_HEAD &&
#			test_path_is_missing .git/MERGE_MODE &&
#			test_path_is_missing .git/MERGE_MSG &&
#			git rerere status >rerere.after &&
#			test_must_be_empty rerere.after &&
#			! test_cmp rerere.after rerere.before
#		)
#	
not ok 82 - merge suggests matching remote refname
#	
#		git commit --allow-empty -m not-local &&
#		git update-ref refs/remotes/origin/not-local HEAD &&
#		git reset --hard HEAD^ &&
#	
#		# This is white-box testing hackery; we happen to know
#		# that reading packed refs is more picky about the memory
#		# ownership of strings we pass to for_each_ref() callbacks.
#		git pack-refs --all --prune &&
#	
#		test_must_fail git merge not-local 2>stderr &&
#		grep origin/not-local stderr
#	
not ok 83 - suggested names are not ambiguous
#	
#		git update-ref refs/heads/origin/not-local HEAD &&
#		test_must_fail git merge not-local 2>stderr &&
#		grep remotes/origin/not-local stderr
#	
# failed 45 among 83 test(s)
1..83
